// Jest Snapshot v1, https://goo.gl/fbAQLP

exports[`Header renders correctly 1`] = `
<header
  className="sc-AxirZ cplSii"
>
  <div
    className="sc-AxjAm czqQpN"
  >
    <h1>
      <a
        href="/"
      >
        Chronosophia
      </a>
    </h1>
  </div>
</header>
`;
